have_func: checking for rb_enc_interned_str() in ruby/encoding.h... -------------------- yes

LD_LIBRARY_PATH=.:/usr/lib ASAN_OPTIONS=detect_leaks=0 "gcc -o conftest -I/usr/include/ruby-3.4.0/x86_64-linux -I/usr/include/ruby-3.4.0/ruby/backward -I/usr/include/ruby-3.4.0 -I.    -march=x86-64 -mtune=generic -O2 -pipe -fno-plt -fexceptions         -Wp,-D_FORTIFY_SOURCE=2 -Wformat -Werror=format-security         -fstack-clash-protection -fcf-protection         -fno-omit-frame-pointer -mno-omit-leaf-frame-pointer -g -ffile-prefix-map=/build/ruby/src=/usr/src/debug/ruby -flto=auto -fPIC conftest.c -L. -L/usr/lib -L. -Wl,-O1 -Wl,--sort-common -Wl,--as-needed -Wl,-z,relro -Wl,-z,now          -Wl,-z,pack-relative-relocs -flto=auto -fstack-protector-strong -rdynamic -Wl,-export-dynamic -Wl,--no-as-needed     -lruby  -lm -lpthread  -lc"
checked program was:
/* begin */
1: #include "ruby.h"
2: 
3: int main(int argc, char **argv)
4: {
5:   return !!argv[argc];
6: }
/* end */

LD_LIBRARY_PATH=.:/usr/lib ASAN_OPTIONS=detect_leaks=0 "gcc -o conftest -I/usr/include/ruby-3.4.0/x86_64-linux -I/usr/include/ruby-3.4.0/ruby/backward -I/usr/include/ruby-3.4.0 -I.    -march=x86-64 -mtune=generic -O2 -pipe -fno-plt -fexceptions         -Wp,-D_FORTIFY_SOURCE=2 -Wformat -Werror=format-security         -fstack-clash-protection -fcf-protection         -fno-omit-frame-pointer -mno-omit-leaf-frame-pointer -g -ffile-prefix-map=/build/ruby/src=/usr/src/debug/ruby -flto=auto -fPIC conftest.c -L. -L/usr/lib -L. -Wl,-O1 -Wl,--sort-common -Wl,--as-needed -Wl,-z,relro -Wl,-z,now          -Wl,-z,pack-relative-relocs -flto=auto -fstack-protector-strong -rdynamic -Wl,-export-dynamic -Wl,--no-as-needed     -lruby  -lm -lpthread  -lc"
checked program was:
/* begin */
 1: #include "ruby.h"
 2: 
 3: #include <ruby/encoding.h>
 4: 
 5: /*top*/
 6: extern int t(void);
 7: int main(int argc, char **argv)
 8: {
 9:   if (argc > 1000000) {
10:     int (* volatile tp)(void)=(int (*)(void))&t;
11:     printf("%d", (*tp)());
12:   }
13: 
14:   return !!argv[argc];
15: }
16: int t(void) { void ((*volatile p)()); p = (void ((*)()))rb_enc_interned_str; return !p; }
/* end */

--------------------

have_func: checking for rb_str_to_interned_str() in ruby.h... -------------------- yes

LD_LIBRARY_PATH=.:/usr/lib ASAN_OPTIONS=detect_leaks=0 "gcc -o conftest -I/usr/include/ruby-3.4.0/x86_64-linux -I/usr/include/ruby-3.4.0/ruby/backward -I/usr/include/ruby-3.4.0 -I.    -march=x86-64 -mtune=generic -O2 -pipe -fno-plt -fexceptions         -Wp,-D_FORTIFY_SOURCE=2 -Wformat -Werror=format-security         -fstack-clash-protection -fcf-protection         -fno-omit-frame-pointer -mno-omit-leaf-frame-pointer -g -ffile-prefix-map=/build/ruby/src=/usr/src/debug/ruby -flto=auto -fPIC conftest.c -L. -L/usr/lib -L. -Wl,-O1 -Wl,--sort-common -Wl,--as-needed -Wl,-z,relro -Wl,-z,now          -Wl,-z,pack-relative-relocs -flto=auto -fstack-protector-strong -rdynamic -Wl,-export-dynamic -Wl,--no-as-needed     -lruby  -lm -lpthread  -lc"
checked program was:
/* begin */
 1: #include "ruby.h"
 2: 
 3: #include <ruby.h>
 4: 
 5: /*top*/
 6: extern int t(void);
 7: int main(int argc, char **argv)
 8: {
 9:   if (argc > 1000000) {
10:     int (* volatile tp)(void)=(int (*)(void))&t;
11:     printf("%d", (*tp)());
12:   }
13: 
14:   return !!argv[argc];
15: }
16: int t(void) { void ((*volatile p)()); p = (void ((*)()))rb_str_to_interned_str; return !p; }
/* end */

--------------------

have_func: checking for rb_hash_new_capa() in ruby.h... -------------------- yes

LD_LIBRARY_PATH=.:/usr/lib ASAN_OPTIONS=detect_leaks=0 "gcc -o conftest -I/usr/include/ruby-3.4.0/x86_64-linux -I/usr/include/ruby-3.4.0/ruby/backward -I/usr/include/ruby-3.4.0 -I.    -march=x86-64 -mtune=generic -O2 -pipe -fno-plt -fexceptions         -Wp,-D_FORTIFY_SOURCE=2 -Wformat -Werror=format-security         -fstack-clash-protection -fcf-protection         -fno-omit-frame-pointer -mno-omit-leaf-frame-pointer -g -ffile-prefix-map=/build/ruby/src=/usr/src/debug/ruby -flto=auto -fPIC conftest.c -L. -L/usr/lib -L. -Wl,-O1 -Wl,--sort-common -Wl,--as-needed -Wl,-z,relro -Wl,-z,now          -Wl,-z,pack-relative-relocs -flto=auto -fstack-protector-strong -rdynamic -Wl,-export-dynamic -Wl,--no-as-needed     -lruby  -lm -lpthread  -lc"
checked program was:
/* begin */
 1: #include "ruby.h"
 2: 
 3: #include <ruby.h>
 4: 
 5: /*top*/
 6: extern int t(void);
 7: int main(int argc, char **argv)
 8: {
 9:   if (argc > 1000000) {
10:     int (* volatile tp)(void)=(int (*)(void))&t;
11:     printf("%d", (*tp)());
12:   }
13: 
14:   return !!argv[argc];
15: }
16: int t(void) { void ((*volatile p)()); p = (void ((*)()))rb_hash_new_capa; return !p; }
/* end */

--------------------

have_func: checking for rb_hash_bulk_insert() in ruby.h... -------------------- yes

LD_LIBRARY_PATH=.:/usr/lib ASAN_OPTIONS=detect_leaks=0 "gcc -o conftest -I/usr/include/ruby-3.4.0/x86_64-linux -I/usr/include/ruby-3.4.0/ruby/backward -I/usr/include/ruby-3.4.0 -I.    -march=x86-64 -mtune=generic -O2 -pipe -fno-plt -fexceptions         -Wp,-D_FORTIFY_SOURCE=2 -Wformat -Werror=format-security         -fstack-clash-protection -fcf-protection         -fno-omit-frame-pointer -mno-omit-leaf-frame-pointer -g -ffile-prefix-map=/build/ruby/src=/usr/src/debug/ruby -flto=auto -fPIC conftest.c -L. -L/usr/lib -L. -Wl,-O1 -Wl,--sort-common -Wl,--as-needed -Wl,-z,relro -Wl,-z,now          -Wl,-z,pack-relative-relocs -flto=auto -fstack-protector-strong -rdynamic -Wl,-export-dynamic -Wl,--no-as-needed     -lruby  -lm -lpthread  -lc"
checked program was:
/* begin */
 1: #include "ruby.h"
 2: 
 3: #include <ruby.h>
 4: 
 5: /*top*/
 6: extern int t(void);
 7: int main(int argc, char **argv)
 8: {
 9:   if (argc > 1000000) {
10:     int (* volatile tp)(void)=(int (*)(void))&t;
11:     printf("%d", (*tp)());
12:   }
13: 
14:   return !!argv[argc];
15: }
16: int t(void) { void ((*volatile p)()); p = (void ((*)()))rb_hash_bulk_insert; return !p; }
/* end */

--------------------

have_func: checking for ruby_xfree_sized() in ruby.h... -------------------- no

LD_LIBRARY_PATH=.:/usr/lib ASAN_OPTIONS=detect_leaks=0 "gcc -o conftest -I/usr/include/ruby-3.4.0/x86_64-linux -I/usr/include/ruby-3.4.0/ruby/backward -I/usr/include/ruby-3.4.0 -I.    -march=x86-64 -mtune=generic -O2 -pipe -fno-plt -fexceptions         -Wp,-D_FORTIFY_SOURCE=2 -Wformat -Werror=format-security         -fstack-clash-protection -fcf-protection         -fno-omit-frame-pointer -mno-omit-leaf-frame-pointer -g -ffile-prefix-map=/build/ruby/src=/usr/src/debug/ruby -flto=auto -fPIC conftest.c -L. -L/usr/lib -L. -Wl,-O1 -Wl,--sort-common -Wl,--as-needed -Wl,-z,relro -Wl,-z,now          -Wl,-z,pack-relative-relocs -flto=auto -fstack-protector-strong -rdynamic -Wl,-export-dynamic -Wl,--no-as-needed     -lruby  -lm -lpthread  -lc"
conftest.c: In function ‘t’:
conftest.c:16:57: error: ‘ruby_xfree_sized’ undeclared (first use in this function); did you mean ‘rb_file_size’?
   16 | int t(void) { void ((*volatile p)()); p = (void ((*)()))ruby_xfree_sized; return !p; }
      |                                                         ^~~~~~~~~~~~~~~~
      |                                                         rb_file_size
conftest.c:16:57: note: each undeclared identifier is reported only once for each function it appears in
checked program was:
/* begin */
 1: #include "ruby.h"
 2: 
 3: #include <ruby.h>
 4: 
 5: /*top*/
 6: extern int t(void);
 7: int main(int argc, char **argv)
 8: {
 9:   if (argc > 1000000) {
10:     int (* volatile tp)(void)=(int (*)(void))&t;
11:     printf("%d", (*tp)());
12:   }
13: 
14:   return !!argv[argc];
15: }
16: int t(void) { void ((*volatile p)()); p = (void ((*)()))ruby_xfree_sized; return !p; }
/* end */

LD_LIBRARY_PATH=.:/usr/lib ASAN_OPTIONS=detect_leaks=0 "gcc -o conftest -I/usr/include/ruby-3.4.0/x86_64-linux -I/usr/include/ruby-3.4.0/ruby/backward -I/usr/include/ruby-3.4.0 -I.    -march=x86-64 -mtune=generic -O2 -pipe -fno-plt -fexceptions         -Wp,-D_FORTIFY_SOURCE=2 -Wformat -Werror=format-security         -fstack-clash-protection -fcf-protection         -fno-omit-frame-pointer -mno-omit-leaf-frame-pointer -g -ffile-prefix-map=/build/ruby/src=/usr/src/debug/ruby -flto=auto -fPIC conftest.c -L. -L/usr/lib -L. -Wl,-O1 -Wl,--sort-common -Wl,--as-needed -Wl,-z,relro -Wl,-z,now          -Wl,-z,pack-relative-relocs -flto=auto -fstack-protector-strong -rdynamic -Wl,-export-dynamic -Wl,--no-as-needed     -lruby  -lm -lpthread  -lc"
/usr/bin/ld: /tmp/ccq2NDMX.ltrans0.ltrans.o: in function `t':
/home/anon/Documents/artykuly/bwegrzyn0.github.io/vendor/bundle/ruby/3.4.0/gems/json-2.21.1/ext/json/ext/parser/conftest.c:17:(.text+0xa): undefined reference to `ruby_xfree_sized'
collect2: error: ld returned 1 exit status
checked program was:
/* begin */
 1: #include "ruby.h"
 2: 
 3: #include <ruby.h>
 4: 
 5: /*top*/
 6: extern int t(void);
 7: int main(int argc, char **argv)
 8: {
 9:   if (argc > 1000000) {
10:     int (* volatile tp)(void)=(int (*)(void))&t;
11:     printf("%d", (*tp)());
12:   }
13: 
14:   return !!argv[argc];
15: }
16: extern void ruby_xfree_sized();
17: int t(void) { ruby_xfree_sized(); return 0; }
/* end */

--------------------

have_header: checking for x86intrin.h... -------------------- yes

LD_LIBRARY_PATH=.:/usr/lib ASAN_OPTIONS=detect_leaks=0 "gcc -I/usr/include/ruby-3.4.0/x86_64-linux -I/usr/include/ruby-3.4.0/ruby/backward -I/usr/include/ruby-3.4.0 -I.    -march=x86-64 -mtune=generic -O2 -pipe -fno-plt -fexceptions         -Wp,-D_FORTIFY_SOURCE=2 -Wformat -Werror=format-security         -fstack-clash-protection -fcf-protection         -fno-omit-frame-pointer -mno-omit-leaf-frame-pointer -g -ffile-prefix-map=/build/ruby/src=/usr/src/debug/ruby -flto=auto -fPIC   -c conftest.c"
checked program was:
/* begin */
1: #include "ruby.h"
2: 
3: #include <x86intrin.h>
/* end */

--------------------

have_func: checking for _lzcnt_u64() in x86intrin.h... -------------------- no

LD_LIBRARY_PATH=.:/usr/lib ASAN_OPTIONS=detect_leaks=0 "gcc -o conftest -I/usr/include/ruby-3.4.0/x86_64-linux -I/usr/include/ruby-3.4.0/ruby/backward -I/usr/include/ruby-3.4.0 -I.    -march=x86-64 -mtune=generic -O2 -pipe -fno-plt -fexceptions         -Wp,-D_FORTIFY_SOURCE=2 -Wformat -Werror=format-security         -fstack-clash-protection -fcf-protection         -fno-omit-frame-pointer -mno-omit-leaf-frame-pointer -g -ffile-prefix-map=/build/ruby/src=/usr/src/debug/ruby -flto=auto -fPIC conftest.c -L. -L/usr/lib -L. -Wl,-O1 -Wl,--sort-common -Wl,--as-needed -Wl,-z,relro -Wl,-z,now          -Wl,-z,pack-relative-relocs -flto=auto -fstack-protector-strong -rdynamic -Wl,-export-dynamic -Wl,--no-as-needed     -lruby  -lm -lpthread  -lc"
/usr/bin/ld: /tmp/ccsq2LDS.ltrans0.ltrans.o: in function `t':
/home/anon/Documents/artykuly/bwegrzyn0.github.io/vendor/bundle/ruby/3.4.0/gems/json-2.21.1/ext/json/ext/parser/conftest.c:16:(.text+0xb): undefined reference to `_lzcnt_u64'
collect2: error: ld returned 1 exit status
checked program was:
/* begin */
 1: #include "ruby.h"
 2: 
 3: #include <x86intrin.h>
 4: 
 5: /*top*/
 6: extern int t(void);
 7: int main(int argc, char **argv)
 8: {
 9:   if (argc > 1000000) {
10:     int (* volatile tp)(void)=(int (*)(void))&t;
11:     printf("%d", (*tp)());
12:   }
13: 
14:   return !!argv[argc];
15: }
16: int t(void) { void ((*volatile p)()); p = (void ((*)()))_lzcnt_u64; return !p; }
/* end */

LD_LIBRARY_PATH=.:/usr/lib ASAN_OPTIONS=detect_leaks=0 "gcc -o conftest -I/usr/include/ruby-3.4.0/x86_64-linux -I/usr/include/ruby-3.4.0/ruby/backward -I/usr/include/ruby-3.4.0 -I.    -march=x86-64 -mtune=generic -O2 -pipe -fno-plt -fexceptions         -Wp,-D_FORTIFY_SOURCE=2 -Wformat -Werror=format-security         -fstack-clash-protection -fcf-protection         -fno-omit-frame-pointer -mno-omit-leaf-frame-pointer -g -ffile-prefix-map=/build/ruby/src=/usr/src/debug/ruby -flto=auto -fPIC conftest.c -L. -L/usr/lib -L. -Wl,-O1 -Wl,--sort-common -Wl,--as-needed -Wl,-z,relro -Wl,-z,now          -Wl,-z,pack-relative-relocs -flto=auto -fstack-protector-strong -rdynamic -Wl,-export-dynamic -Wl,--no-as-needed     -lruby  -lm -lpthread  -lc"
conftest.c:16:13: error: conflicting types for ‘_lzcnt_u64’; have ‘void(void)’
   16 | extern void _lzcnt_u64();
      |             ^~~~~~~~~~
In file included from /usr/lib/gcc/x86_64-pc-linux-gnu/16/include/x86gprintrin.h:61,
                 from /usr/lib/gcc/x86_64-pc-linux-gnu/16/include/x86intrin.h:27,
                 from conftest.c:3:
/usr/lib/gcc/x86_64-pc-linux-gnu/16/include/lzcntintrin.h:64:1: note: previous definition of ‘_lzcnt_u64’ with type ‘long long unsigned int(long long unsigned int)’
   64 | _lzcnt_u64 (unsigned long long __X)
      | ^~~~~~~~~~
checked program was:
/* begin */
 1: #include "ruby.h"
 2: 
 3: #include <x86intrin.h>
 4: 
 5: /*top*/
 6: extern int t(void);
 7: int main(int argc, char **argv)
 8: {
 9:   if (argc > 1000000) {
10:     int (* volatile tp)(void)=(int (*)(void))&t;
11:     printf("%d", (*tp)());
12:   }
13: 
14:   return !!argv[argc];
15: }
16: extern void _lzcnt_u64();
17: int t(void) { _lzcnt_u64(); return 0; }
/* end */

--------------------

have_header: checking for intrin.h... -------------------- no

LD_LIBRARY_PATH=.:/usr/lib ASAN_OPTIONS=detect_leaks=0 "gcc -I/usr/include/ruby-3.4.0/x86_64-linux -I/usr/include/ruby-3.4.0/ruby/backward -I/usr/include/ruby-3.4.0 -I.    -march=x86-64 -mtune=generic -O2 -pipe -fno-plt -fexceptions         -Wp,-D_FORTIFY_SOURCE=2 -Wformat -Werror=format-security         -fstack-clash-protection -fcf-protection         -fno-omit-frame-pointer -mno-omit-leaf-frame-pointer -g -ffile-prefix-map=/build/ruby/src=/usr/src/debug/ruby -flto=auto -fPIC   -c conftest.c"
conftest.c:3:10: fatal error: intrin.h: No such file or directory
    3 | #include <intrin.h>
      |          ^~~~~~~~~~
compilation terminated.
checked program was:
/* begin */
1: #include "ruby.h"
2: 
3: #include <intrin.h>
/* end */

--------------------

have_const: checking for RUBY_TYPED_EMBEDDABLE in ruby.h... -------------------- yes

LD_LIBRARY_PATH=.:/usr/lib ASAN_OPTIONS=detect_leaks=0 "gcc -I/usr/include/ruby-3.4.0/x86_64-linux -I/usr/include/ruby-3.4.0/ruby/backward -I/usr/include/ruby-3.4.0 -I.    -march=x86-64 -mtune=generic -O2 -pipe -fno-plt -fexceptions         -Wp,-D_FORTIFY_SOURCE=2 -Wformat -Werror=format-security         -fstack-clash-protection -fcf-protection         -fno-omit-frame-pointer -mno-omit-leaf-frame-pointer -g -ffile-prefix-map=/build/ruby/src=/usr/src/debug/ruby -flto=auto -fPIC   -c conftest.c"
checked program was:
/* begin */
1: #include "ruby.h"
2: 
3: #include <ruby.h>
4: 
5: /*top*/
6: typedef int conftest_type;
7: conftest_type conftestval = (int)RUBY_TYPED_EMBEDDABLE;
/* end */

--------------------

append_cflags: checking for whether -std=c99 is accepted as CFLAGS... -------------------- yes

LD_LIBRARY_PATH=.:/usr/lib ASAN_OPTIONS=detect_leaks=0 "gcc -I/usr/include/ruby-3.4.0/x86_64-linux -I/usr/include/ruby-3.4.0/ruby/backward -I/usr/include/ruby-3.4.0 -I.    -march=x86-64 -mtune=generic -O2 -pipe -fno-plt -fexceptions         -Wp,-D_FORTIFY_SOURCE=2 -Wformat -Werror=format-security         -fstack-clash-protection -fcf-protection         -fno-omit-frame-pointer -mno-omit-leaf-frame-pointer -g -ffile-prefix-map=/build/ruby/src=/usr/src/debug/ruby -flto=auto -fPIC  -std=c99 -Werror -c conftest.c"
checked program was:
/* begin */
1: #include "ruby.h"
2: 
3: int main(int argc, char **argv)
4: {
5:   return !!argv[argc];
6: }
/* end */

--------------------

have_header: checking for x86intrin.h... -------------------- yes

LD_LIBRARY_PATH=.:/usr/lib ASAN_OPTIONS=detect_leaks=0 "gcc -I/usr/include/ruby-3.4.0/x86_64-linux -I/usr/include/ruby-3.4.0/ruby/backward -I/usr/include/ruby-3.4.0 -I.    -march=x86-64 -mtune=generic -O2 -pipe -fno-plt -fexceptions         -Wp,-D_FORTIFY_SOURCE=2 -Wformat -Werror=format-security         -fstack-clash-protection -fcf-protection         -fno-omit-frame-pointer -mno-omit-leaf-frame-pointer -g -ffile-prefix-map=/build/ruby/src=/usr/src/debug/ruby -flto=auto -fPIC -std=c99   -c conftest.c"
checked program was:
/* begin */
1: #include "ruby.h"
2: 
3: #include <x86intrin.h>
/* end */

--------------------

LD_LIBRARY_PATH=.:/usr/lib ASAN_OPTIONS=detect_leaks=0 "gcc -I/usr/include/ruby-3.4.0/x86_64-linux -I/usr/include/ruby-3.4.0/ruby/backward -I/usr/include/ruby-3.4.0 -I.    -march=x86-64 -mtune=generic -O2 -pipe -fno-plt -fexceptions         -Wp,-D_FORTIFY_SOURCE=2 -Wformat -Werror=format-security         -fstack-clash-protection -fcf-protection         -fno-omit-frame-pointer -mno-omit-leaf-frame-pointer -g -ffile-prefix-map=/build/ruby/src=/usr/src/debug/ruby -flto=auto -fPIC -std=c99  -Werror=implicit-function-declaration -c conftest.c"
checked program was:
/* begin */
 1: #include "ruby.h"
 2: 
 3: #include <x86intrin.h>
 4: 
 5: int main(int argc, char **argv) {
 6:   __m128i test = _mm_set1_epi8(32);
 7:   if (__builtin_cpu_supports("sse2")) { printf("OK"); }
 8:   if (argc > 100000) printf("%p", &test);
 9:   return 0;
10: }
/* end */

have_header: checking for cpuid.h... -------------------- yes

LD_LIBRARY_PATH=.:/usr/lib ASAN_OPTIONS=detect_leaks=0 "gcc -I/usr/include/ruby-3.4.0/x86_64-linux -I/usr/include/ruby-3.4.0/ruby/backward -I/usr/include/ruby-3.4.0 -I.    -march=x86-64 -mtune=generic -O2 -pipe -fno-plt -fexceptions         -Wp,-D_FORTIFY_SOURCE=2 -Wformat -Werror=format-security         -fstack-clash-protection -fcf-protection         -fno-omit-frame-pointer -mno-omit-leaf-frame-pointer -g -ffile-prefix-map=/build/ruby/src=/usr/src/debug/ruby -flto=auto -fPIC -std=c99   -c conftest.c"
checked program was:
/* begin */
1: #include "ruby.h"
2: 
3: #include <cpuid.h>
/* end */

--------------------

